ðŸŒŸ This was machine generated.  Do not edit. ðŸŒŸ

Frame[0] {
    "executedQueryString": "Expr: query1"
}
Name: 
Dimensions: 5 Fields by 6 Rows
+-----------------------------------------+------------------+---------------------------------------+---------------------+--------------------------------+
| Name: time                              | Name: line       | Name: labels                          | Name: tsNs          | Name: id                       |
| Labels:                                 | Labels:          | Labels:                               | Labels:             | Labels:                        |
| Type: []time.Time                       | Type: []string   | Type: []string                        | Type: []string      | Type: []string                 |
+-----------------------------------------+------------------+---------------------------------------+---------------------+--------------------------------+
| 2022-02-16 16:50:44.81075712 +0000 UTC  | log line error 1 | {"level":"error","location":"moonðŸŒ™"} | 1645030244810757120 | 1645030244810757120_30cc71af   |
| 2022-02-16 16:50:47.02773504 +0000 UTC  | log line info 1  | {"level":"info","location":"moonðŸŒ™"}  | 1645030247027735040 | 1645030247027735040_5434e88d   |
| 2022-02-16 16:50:46.277587968 +0000 UTC | log line info 2  | {"level":"info","location":"moonðŸŒ™"}  | 1645030246277587968 | 1645030246277587968_7d153310   |
| 2022-02-16 16:50:46.277587968 +0000 UTC | log line info 2  | {"level":"info","location":"moonðŸŒ™"}  | 1645030246277587968 | 1645030246277587968_7d153310_1 |
| 2022-02-16 16:50:45.539423744 +0000 UTC | log line info 3  | {"level":"info","location":"moonðŸŒ™"}  | 1645030245539423744 | 1645030245539423744_97aa2fb7   |
| 2022-02-16 16:50:44.091700992 +0000 UTC | log line info 4  | {"level":"info","location":"moonðŸŒ™"}  | 1645030244091700992 | 1645030244091700992_a2d52a1a   |
+-----------------------------------------+------------------+---------------------------------------+---------------------+--------------------------------+


====== TEST DATA RESPONSE (arrow base64) ======
FRAME=QVJST1cxAAD/////4AIAABAAAAAAAAoADgAMAAsABAAKAAAAFAAAAAAAAAEEAAoADAAAAAgABAAKAAAACAAAAJgAAAADAAAATAAAACgAAAAEAAAAtP3//wgAAAAMAAAAAAAAAAAAAAAFAAAAcmVmSWQAAADU/f//CAAAAAwAAAAAAAAAAAAAAAQAAABuYW1lAAAAAPT9//8IAAAAMAAAACYAAAB7ImV4ZWN1dGVkUXVlcnlTdHJpbmciOiJFeHByOiBxdWVyeTEifQAABAAAAG1ldGEAAAAABQAAAKQBAAA0AQAA2AAAAFgAAAAEAAAAgv7//xQAAAA4AAAAOAAAAAAAAAU0AAAAAQAAAAQAAABw/v//CAAAAAwAAAACAAAAaWQAAAQAAABuYW1lAAAAAAAAAADY/v//AgAAAGlkAADS/v//FAAAAGAAAABgAAAAAAAABVwAAAACAAAALAAAAAQAAADE/v//CAAAABAAAAAEAAAAdHNOcwAAAAAEAAAAbmFtZQAAAADo/v//CAAAAAwAAAACAAAAe30AAAYAAABsYWJlbHMAAAAAAABQ////BAAAAHRzTnMAAAAATv///xQAAAA8AAAAPAAAAAAAAAU4AAAAAQAAAAQAAAA8////CAAAABAAAAAGAAAAbGFiZWxzAAAEAAAAbmFtZQAAAAAAAAAAqP///wYAAABsYWJlbHMAAKb///8UAAAAPAAAAEAAAAAAAAAFPAAAAAEAAAAEAAAAlP///wgAAAAQAAAABAAAAGxpbmUAAAAABAAAAG5hbWUAAAAAAAAAAAQABAAEAAAABAAAAGxpbmUAABIAGAAUAAAAEwAMAAAACAAEABIAAAAUAAAARAAAAEwAAAAAAAAKTAAAAAEAAAAMAAAACAAMAAgABAAIAAAACAAAABAAAAAEAAAAdGltZQAAAAAEAAAAbmFtZQAAAAAAAAAAAAAGAAgABgAGAAAAAAADAAQAAAB0aW1lAAAAAAAAAAD/////iAEAABQAAAAAAAAADAAWABQAEwAMAAQADAAAACADAAAAAAAAFAAAAAAAAAMEAAoAGAAMAAgABAAKAAAAFAAAAPgAAAAGAAAAAAAAAAAAAAAOAAAAAAAAAAAAAAAAAAAAAAAAAAAAAAAAAAAAMAAAAAAAAAAwAAAAAAAAAAAAAAAAAAAAMAAAAAAAAAAcAAAAAAAAAFAAAAAAAAAAWwAAAAAAAACwAAAAAAAAAAAAAAAAAAAAsAAAAAAAAAAcAAAAAAAAANAAAAAAAAAA5QAAAAAAAAC4AQAAAAAAAAAAAAAAAAAAuAEAAAAAAAAcAAAAAAAAANgBAAAAAAAAcgAAAAAAAABQAgAAAAAAAAAAAAAAAAAAUAIAAAAAAAAcAAAAAAAAAHACAAAAAAAAqgAAAAAAAAAAAAAABQAAAAYAAAAAAAAAAAAAAAAAAAAGAAAAAAAAAAAAAAAAAAAABgAAAAAAAAAAAAAAAAAAAAYAAAAAAAAAAAAAAAAAAAAGAAAAAAAAAAAAAAAAAAAAABS4ukpS1BYAetw+S1LUFgAkJhJLUtQWACQmEktS1BYApibmSlLUFgAn3I9KUtQWAAAAABAAAAAfAAAALgAAAD0AAABMAAAAWwAAAAAAAABsb2cgbGluZSBlcnJvciAxbG9nIGxpbmUgaW5mbyAxbG9nIGxpbmUgaW5mbyAybG9nIGxpbmUgaW5mbyAybG9nIGxpbmUgaW5mbyAzbG9nIGxpbmUgaW5mbyA0AAAAAAAAAAAAJwAAAE0AAABzAAAAmQAAAL8AAADlAAAAAAAAAHsibGV2ZWwiOiJlcnJvciIsImxvY2F0aW9uIjoibW9vbvCfjJkifXsibGV2ZWwiOiJpbmZvIiwibG9jYXRpb24iOiJtb29u8J+MmSJ9eyJsZXZlbCI6ImluZm8iLCJsb2NhdGlvbiI6Im1vb27wn4yZIn17ImxldmVsIjoiaW5mbyIsImxvY2F0aW9uIjoibW9vbvCfjJkifXsibGV2ZWwiOiJpbmZvIiwibG9jYXRpb24iOiJtb29u8J+MmSJ9eyJsZXZlbCI6ImluZm8iLCJsb2NhdGlvbiI6Im1vb27wn4yZIn0AAAAAAAAAEwAAACYAAAA5AAAATAAAAF8AAAByAAAAAAAAADE2NDUwMzAyNDQ4MTA3NTcxMjAxNjQ1MDMwMjQ3MDI3NzM1MDQwMTY0NTAzMDI0NjI3NzU4Nzk2ODE2NDUwMzAyNDYyNzc1ODc5NjgxNjQ1MDMwMjQ1NTM5NDIzNzQ0MTY0NTAzMDI0NDA5MTcwMDk5MgAAAAAAAAAAAAAcAAAAOAAAAFQAAAByAAAAjgAAAKoAAAAAAAAAMTY0NTAzMDI0NDgxMDc1NzEyMF8zMGNjNzFhZjE2NDUwMzAyNDcwMjc3MzUwNDBfNTQzNGU4OGQxNjQ1MDMwMjQ2Mjc3NTg3OTY4XzdkMTUzMzEwMTY0NTAzMDI0NjI3NzU4Nzk2OF83ZDE1MzMxMF8xMTY0NTAzMDI0NTUzOTQyMzc0NF85N2FhMmZiNzE2NDUwMzAyNDQwOTE3MDA5OTJfYTJkNTJhMWEAAAAAAAAQAAAADAAUABIADAAIAAQADAAAABAAAAAsAAAAOAAAAAAABAABAAAA8AIAAAAAAACQAQAAAAAAACADAAAAAAAAAAAAAAAAAAAAAAoADAAAAAgABAAKAAAACAAAAJgAAAADAAAATAAAACgAAAAEAAAAtP3//wgAAAAMAAAAAAAAAAAAAAAFAAAAcmVmSWQAAADU/f//CAAAAAwAAAAAAAAAAAAAAAQAAABuYW1lAAAAAPT9//8IAAAAMAAAACYAAAB7ImV4ZWN1dGVkUXVlcnlTdHJpbmciOiJFeHByOiBxdWVyeTEifQAABAAAAG1ldGEAAAAABQAAAKQBAAA0AQAA2AAAAFgAAAAEAAAAgv7//xQAAAA4AAAAOAAAAAAAAAU0AAAAAQAAAAQAAABw/v//CAAAAAwAAAACAAAAaWQAAAQAAABuYW1lAAAAAAAAAADY/v//AgAAAGlkAADS/v//FAAAAGAAAABgAAAAAAAABVwAAAACAAAALAAAAAQAAADE/v//CAAAABAAAAAEAAAAdHNOcwAAAAAEAAAAbmFtZQAAAADo/v//CAAAAAwAAAACAAAAe30AAAYAAABsYWJlbHMAAAAAAABQ////BAAAAHRzTnMAAAAATv///xQAAAA8AAAAPAAAAAAAAAU4AAAAAQAAAAQAAAA8////CAAAABAAAAAGAAAAbGFiZWxzAAAEAAAAbmFtZQAAAAAAAAAAqP///wYAAABsYWJlbHMAAKb///8UAAAAPAAAAEAAAAAAAAAFPAAAAAEAAAAEAAAAlP///wgAAAAQAAAABAAAAGxpbmUAAAAABAAAAG5hbWUAAAAAAAAAAAQABAAEAAAABAAAAGxpbmUAABIAGAAUAAAAEwAMAAAACAAEABIAAAAUAAAARAAAAEwAAAAAAAAKTAAAAAEAAAAMAAAACAAMAAgABAAIAAAACAAAABAAAAAEAAAAdGltZQAAAAAEAAAAbmFtZQAAAAAAAAAAAAAGAAgABgAGAAAAAAADAAQAAAB0aW1lAAAAAAgDAABBUlJPVzE=
